// Jest Snapshot v1, https://goo.gl/fbAQLP

exports[`<Likes /> renders correctly 1`] = `
ShallowWrapper {
  Symbol(enzyme.__root__): [Circular],
  Symbol(enzyme.__unrendered__): <Likes />,
  Symbol(enzyme.__renderer__): Object {
    "batchedUpdates": [Function],
    "checkPropTypes": [Function],
    "getNode": [Function],
    "render": [Function],
    "simulateError": [Function],
    "simulateEvent": [Function],
    "unmount": [Function],
  },
  Symbol(enzyme.__node__): Object {
    "instance": null,
    "key": undefined,
    "nodeType": "host",
    "props": Object {
      "children": <Button
        color="secondary"
        onClick={[Function]}
        tag="button"
      >
        Like
        <Badge
          color="secondary"
          pill={false}
          tag="span"
        >
          0
        </Badge>
      </Button>,
      "className": "like-wrapper",
    },
    "ref": null,
    "rendered": Object {
      "instance": null,
      "key": undefined,
      "nodeType": "class",
      "props": Object {
        "children": Array [
          "Like",
          <Badge
            color="secondary"
            pill={false}
            tag="span"
          >
            0
          </Badge>,
        ],
        "color": "secondary",
        "onClick": [Function],
        "tag": "button",
      },
      "ref": null,
      "rendered": Array [
        "Like",
        Object {
          "instance": null,
          "key": undefined,
          "nodeType": "function",
          "props": Object {
            "children": 0,
            "color": "secondary",
            "pill": false,
            "tag": "span",
          },
          "ref": null,
          "rendered": 0,
          "type": [Function],
        },
      ],
      "type": [Function],
    },
    "type": "div",
  },
  Symbol(enzyme.__nodes__): Array [
    Object {
      "instance": null,
      "key": undefined,
      "nodeType": "host",
      "props": Object {
        "children": <Button
          color="secondary"
          onClick={[Function]}
          tag="button"
        >
          Like
          <Badge
            color="secondary"
            pill={false}
            tag="span"
          >
            0
          </Badge>
        </Button>,
        "className": "like-wrapper",
      },
      "ref": null,
      "rendered": Object {
        "instance": null,
        "key": undefined,
        "nodeType": "class",
        "props": Object {
          "children": Array [
            "Like",
            <Badge
              color="secondary"
              pill={false}
              tag="span"
            >
              0
            </Badge>,
          ],
          "color": "secondary",
          "onClick": [Function],
          "tag": "button",
        },
        "ref": null,
        "rendered": Array [
          "Like",
          Object {
            "instance": null,
            "key": undefined,
            "nodeType": "function",
            "props": Object {
              "children": 0,
              "color": "secondary",
              "pill": false,
              "tag": "span",
            },
            "ref": null,
            "rendered": 0,
            "type": [Function],
          },
        ],
        "type": [Function],
      },
      "type": "div",
    },
  ],
  Symbol(enzyme.__options__): Object {
    "adapter": ReactSixteenAdapter {
      "options": Object {
        "enableComponentDidUpdateOnSetState": true,
        "legacyContextMode": "parent",
        "lifecycles": Object {
          "componentDidUpdate": Object {
            "onSetState": true,
          },
          "getChildContext": Object {
            "calledByRenderer": false,
          },
          "getDerivedStateFromProps": true,
          "getSnapshotBeforeUpdate": true,
          "setState": Object {
            "skipsComponentDidUpdateOnNullish": true,
          },
        },
      },
    },
  },
  Symbol(enzyme.__childContext__): null,
}
`;
